[36mvite v7.3.1 [32mbuilding client environment for production...[36m[39m
transforming...
[32mΓ£ô[39m 17 modules transformed.
node.exe : [31mΓ£ù[39m Build failed in 322ms
At C:\nvm4w\nodejs\npx.ps1:16 char:5
+     & "$basedir/node$exe"  
"$basedir/node_modules/npm/bin/npx-cli.js" ...
+     ~~~~~~~~~~~~~~~~~~~~~~~~~~~~~~~~~~~~~~~~~~~~~~~
~~~~~~~~~~~~~~~~~~
    + CategoryInfo          : NotSpecified: ([31mΓ£ 
   ù[39m Build failed in 322ms:String) [], RemoteE  
  xception
    + FullyQualifiedErrorId : NativeCommandError
 
[31merror during build:
[31msrc/hooks/useAuth.js (59:4): Expression 
expected[31m
file: [36mE:/STUDENTS/SERTIFIKASI/MAJU BARENG AI/cha
t-planner-apps/FRONTEND/src/hooks/useAuth.js:59:4[31
m
[33m
57: 
58:   return (
59:     <AuthContext.Provider value={{ user, 
isAuthenticated, loading, login, register, logout }}>
        ^
60:       {children}
61:     </AuthContext.Provider>
[31m
    at getRollupError (file:///E:/STUDENTS/SERTIFIKAS
I/MAJU%20BARENG%20AI/chat-planner-apps/FRONTEND/node_
modules/rollup/dist/es/shared/parseAst.js:402:41)
    at ParseError.initialise (file:///E:/STUDENTS/SER
TIFIKASI/MAJU%20BARENG%20AI/chat-planner-apps/FRONTEN
D/node_modules/rollup/dist/es/shared/node-entry.js:14
465:28)
    at convertNode (file:///E:/STUDENTS/SERTIFIKASI/M
AJU%20BARENG%20AI/chat-planner-apps/FRONTEND/node_mod
ules/rollup/dist/es/shared/node-entry.js:16437:10)
    at convertProgram (file:///E:/STUDENTS/SERTIFIKAS
I/MAJU%20BARENG%20AI/chat-planner-apps/FRONTEND/node_
modules/rollup/dist/es/shared/node-entry.js:15677:12)
    at Module.setSource (file:///E:/STUDENTS/SERTIFIK
ASI/MAJU%20BARENG%20AI/chat-planner-apps/FRONTEND/nod
e_modules/rollup/dist/es/shared/node-entry.js:17392:2
4)
    at async ModuleLoader.addModuleSource (file:///E:
/STUDENTS/SERTIFIKASI/MAJU%20BARENG%20AI/chat-planner
-apps/FRONTEND/node_modules/rollup/dist/es/shared/nod
e-entry.js:21474:13)[39m
